
> client@0.0.0 build
> vite build

[36mrolldown-vite v7.2.5 [32mbuilding client environment for production...[36m[39m
[2K
transforming...Γ£ô 165 modules transformed.
node.exe : [31mΓ£ù[39m Build failed in 279ms
At C:\Program Files\nodejs\npm.ps1:29 char:3
+   & $NODE_EXE $NPM_CLI_JS $args
+   ~~~~~~~~~~~~~~~~~~~~~~~~~~~~~
    + CategoryInfo          : NotSpecified: ([31mΓ£ù[39m Build failed in 279ms:String) [], RemoteException
    + FullyQualifiedErrorId : NativeCommandError
 
[31merror during build:
[31mBuild failed with 44 errors:

[31m[builtin:transform] Error:[0m Expected corresponding JSX closing tag for 'span'.
     [38;5;246mΓò¡[0m[38;5;246mΓöÇ[0m[38;5;246m[[0m src/pages/UsersPage.jsx:269:17 [38;5;246m][0m
     [38;5;246mΓöé[0m
 [38;5;246m268 Γöé[0m [38;5;249m [0m[38;5;249m [0m[38;5;249m [0m[38;5;249m [0m[38;5;249m [0m[38;5;249m 
[0m[38;5;249m [0m[38;5;249m [0m[38;5;249m [0m[38;5;249m [0m[38;5;249m [0m[38;5;249m [0m[38;5;249m 
[0m[38;5;249m [0m[38;5;249m [0m[38;5;249m [0m[38;5;249m<[0mspan[38;5;249m>[0m[38;5;249m [0m[38;5;249m{[0
m[38;5;249mt[0m[38;5;249m.[0m[38;5;249me[0m[38;5;249mx[0m[38;5;249mp[0m[38;5;249mo[0m[38;5;249mr[0m[38;5
;249mt[0m[38;5;249mB[0m[38;5;249mt[0m[38;5;249mn[0m[38;5;249m}[0m
 [38;5;240m    Γöé[0m                  ΓöÇΓöÇΓö¼ΓöÇ  
 [38;5;240m    Γöé[0m                    Γò░ΓöÇΓöÇΓöÇ Opened here
 [38;5;246m269 Γöé[0m [38;5;249m [0m[38;5;249m [0m[38;5;249m [0m[38;5;249m [0m[38;5;249m [0m[38;5;249m 
[0m[38;5;249m [0m[38;5;249m [0m[38;5;249m [0m[38;5;249m [0m[38;5;249m [0m[38;5;249m [0m[38;5;249m 
[0m[38;5;249m [0m[38;5;249m<[0m[38;5;249m/[0mbutton[38;5;249m>[0m
 [38;5;240m    Γöé[0m                 ΓöÇΓöÇΓöÇΓö¼ΓöÇΓöÇ  
 [38;5;240m    Γöé[0m                    Γò░ΓöÇΓöÇΓöÇΓöÇ Expected `</span>`
[38;5;246mΓöÇΓöÇΓöÇΓöÇΓöÇΓò»[0m

[31m[builtin:transform] Error:[0m Expected corresponding JSX closing tag for 'button'.
     [38;5;246mΓò¡[0m[38;5;246mΓöÇ[0m[38;5;246m[[0m src/pages/UsersPage.jsx:270:15 [38;5;246m][0m
     [38;5;246mΓöé[0m
 [38;5;246m267 Γöé[0m [38;5;249m [0m[38;5;249m [0m[38;5;249m [0m[38;5;249m [0m[38;5;249m [0m[38;5;249m 
[0m[38;5;249m [0m[38;5;249m [0m[38;5;249m [0m[38;5;249m [0m[38;5;249m [0m[38;5;249m [0m[38;5;249m 
[0m[38;5;249m [0m[38;5;249m<[0mbutton[38;5;249m [0m[38;5;249mc[0m[38;5;249ml[0m[38;5;249ma[0m[38;5;249ms
[0m[38;5;249ms[0m[38;5;249mN[0m[38;5;249ma[0m[38;5;249mm[0m[38;5;249me[0m[38;5;249m=[0m[38;5;249m"[0m[38
;5;249mb[0m[38;5;249mg[0m[38;5;249m-[0m[38;5;249m[[0m[38;5;249m#[0m[38;5;249m3[0m[38;5;249ma[0m[38;5;249m
2[0m[38;5;249ma[0m[38;5;249m1[0m[38;5;249ma[0m[38;5;249m][0m[38;5;249m [0m[38;5;249mt[0m[38;5;249me[0m[
38;5;249mx[0m[38;5;249mt[0m[38;5;249m-[0m[38;5;249mw[0m[38;5;249mh[0m[38;5;249mi[0m[38;5;249mt[0m[38;5;24
9me[0m[38;5;249m [0m[38;5;249mt[0m[38;5;249me[0m[38;5;249mx[0m[38;5;249mt[0m[38;5;249m-[0m[38;5;249m[[0m
[38;5;249m1[0m[38;5;249m1[0m[38;5;249mp[0m[38;5;249mx[0m[38;5;249m][0m[38;5;249m [0m[38;5;249mf[0m[38;5;
249mo[0m[38;5;249mn[0m[38;5;249mt[0m[38;5;249m-[0m[38;5;249mb[0m[38;5;249mo[0m[38;5;249ml[0m[38;5;249md[
0m[38;5;249m [0m[38;5;249mp[0m[38;5;249mx[0m[38;5;249m-[0m[38;5;249m4[0m[38;5;249m 
[0m[38;5;249mp[0m[38;5;249my[0m[38;5;249m-[0m[38;5;249m2[0m[38;5;249m [0m[38;5;249mr[0m[38;5;249mo[0m[3
8;5;249mu[0m[38;5;249mn[0m[38;5;249md[0m[38;5;249me[0m[38;5;249md[0m[38;5;249m-[0m[38;5;249ml[0m[38;5;249
mg[0m[38;5;249m [0m[38;5;249mh[0m[38;5;249mo[0m[38;5;249mv[0m[38;5;249me[0m[38;5;249mr[0m[38;5;249m:[0m
[38;5;249mb[0m[38;5;249mg[0m[38;5;249m-[0m[38;5;249m[[0m[38;5;249m#[0m[38;5;249m2[0m[38;5;249ma[0m[38;5;2
49m1[0m[38;5;249ma[0m[38;5;249m0[0m[38;5;249ma[0m[38;5;249m][0m[38;5;249m [0m[38;5;249mt[0m[38;5;249mr[0
m[38;5;249ma[0m[38;5;249mn[0m[38;5;249ms[0m[38;5;249mi[0m[38;5;249mt[0m[38;5;249mi[0m[38;5;249mo[0m[38;5
;249mn[0m[38;5;249m-[0m[38;5;249mc[0m[38;5;249mo[0m[38;5;249ml[0m[38;5;249mo[0m[38;5;249mr[0m[38;5;249ms
[0m[38;5;249m [0m[38;5;249mf[0m[38;5;249ml[0m[38;5;249me[0m[38;5;249mx[0m[38;5;249m [0m[38;5;249mi[0m[38
;5;249mt[0m[38;5;249me[0m[38;5;249mm[0m[38;5;249ms[0m[38;5;249m-[0m[38;5;249mc[0m[38;5;249me[0m[38;5;249m
n[0m[38;5;249mt[0m[38;5;249me[0m[38;5;249mr[0m[38;5;249m 
[0m[38;5;249mg[0m[38;5;249ma[0m[38;5;249mp[0m[38;5;249m-[0m[38;5;249m2[0m[38;5;249m [0m[38;5;249mw[0m[3
8;5;249mh[0m[38;5;249mi[0m[38;5;249mt[0m[38;5;249me[0m[38;5;249ms[0m[38;5;249mp[0m[38;5;249ma[0m[38;5;249
mc[0m[38;5;249me[0m[38;5;249m-[0m[38;5;249mn[0m[38;5;249mo[0m[38;5;249mw[0m[38;5;249mr[0m[38;5;249ma[0m
[38;5;249mp[0m[38;5;249m"[0m[38;5;249m>[0m
 [38;5;240m    Γöé[0m                ΓöÇΓöÇΓöÇΓö¼ΓöÇΓöÇ  
 [38;5;240m    Γöé[0m                   Γò░ΓöÇΓöÇΓöÇΓöÇ Opened here
 [38;5;240m    Γöé[0m 
 [38;5;246m270 Γöé[0m [38;5;249m [0m[38;5;249m [0m[38;5;249m [0m[38;5;249m [0m[38;5;249m [0m[38;5;249m 
[0m[38;5;249m [0m[38;5;249m [0m[38;5;249m [0m[38;5;249m [0m[38;5;249m [0m[38;5;249m 
[0m[38;5;249m<[0m[38;5;249m/[0mdiv[38;5;249m>[0m
 [38;5;240m    Γöé[0m               ΓöÇΓö¼ΓöÇ  
 [38;5;240m    Γöé[0m                Γò░ΓöÇΓöÇΓöÇ Expected `</button>`
[38;5;246mΓöÇΓöÇΓöÇΓöÇΓöÇΓò»[0m

[31m[builtin:transform] Error:[0m Unexpected token. Did you mean `{'}'}` or `&rbrace;`?
     [38;5;246mΓò¡[0m[38;5;246mΓöÇ[0m[38;5;246m[[0m src/pages/UsersPage.jsx:271:11 [38;5;246m][0m
     [38;5;246mΓöé[0m
 [38;5;246m271 Γöé[0m [38;5;249m [0m[38;5;249m [0m[38;5;249m [0m[38;5;249m [0m[38;5;249m [0m[38;5;249m 
[0m[38;5;249m [0m[38;5;249m [0m[38;5;249m [0m[38;5;249m [0m[38;5;249m}[0m
 [38;5;240m    Γöé[0m           Γöé 
 [38;5;240m    Γöé[0m           Γò░ΓöÇ 
[38;5;246mΓöÇΓöÇΓöÇΓöÇΓöÇΓò»[0m

[31m[builtin:transform] Error:[0m Expected corresponding JSX closing tag for 'span'.
    [38;5;246mΓò¡[0m[38;5;246mΓöÇ[0m[38;5;246m[[0m src/pages/SettingsPage.jsx:41:14 [38;5;246m][0m
    [38;5;246mΓöé[0m
 [38;5;246m40 Γöé[0m [38;5;249m [0m[38;5;249m [0m[38;5;249m [0m[38;5;249m [0m[38;5;249m [0m[38;5;249m 
[0m[38;5;249m [0m[38;5;249m [0m[38;5;249m [0m[38;5;249m [0m[38;5;249m [0m[38;5;249m [0m[38;5;249m 
[0m[38;5;249m<[0mspan[38;5;249m>[0m[38;5;249m [0m[38;5;249m{[0m[38;5;249mt[0m[38;5;249m.[0m[38;5;249ma[0
m[38;5;249md[0m[38;5;249mm[0m[38;5;249mi[0m[38;5;249mn[0m[38;5;249mT[0m[38;5;249me[0m[38;5;249ma[0m[38;5
;249mm[0m[38;5;249m}[0m
 [38;5;240m   Γöé[0m               ΓöÇΓöÇΓö¼ΓöÇ  
 [38;5;240m   Γöé[0m                 Γò░ΓöÇΓöÇΓöÇ Opened here
 [38;5;246m41 Γöé[0m [38;5;249m [0m[38;5;249m [0m[38;5;249m [0m[38;5;249m [0m[38;5;249m [0m[38;5;249m 
[0m[38;5;249m [0m[38;5;249m [0m[38;5;249m [0m[38;5;249m [0m[38;5;249m 
[0m[38;5;249m<[0m[38;5;249m/[0mh3[38;5;249m>[0m
 [38;5;240m   Γöé[0m              ΓöÇΓö¼  
 [38;5;240m   Γöé[0m               Γò░ΓöÇΓöÇ Expected `</span>`
[38;5;246mΓöÇΓöÇΓöÇΓöÇΓò»[0m

[31m[builtin:transform] Error:[0m Expected corresponding JSX closing tag for 'h3'.
    [38;5;246mΓò¡[0m[38;5;246mΓöÇ[0m[38;5;246m[[0m src/pages/SettingsPage.jsx:71:11 [38;5;246m][0m
    [38;5;246mΓöé[0m
 [38;5;246m39 Γöé[0m [38;5;249m [0m[38;5;249m [0m[38;5;249m [0m[38;5;249m [0m[38;5;249m [0m[38;5;249m 
[0m[38;5;249m [0m[38;5;249m [0m[38;5;249m [0m[38;5;249m [0m[38;5;249m [0m[38;5;249m<[0mh3[38;5;249m [0m
[38;5;249mc[0m[38;5;249ml[0m[38;5;249ma[0m[38;5;249ms[0m[38;5;249ms[0m[38;5;249mN[0m[38;5;249ma[0m[38;5;2
49mm[0m[38;5;249me[0m[38;5;249m=[0m[38;5;249m"[0m[38;5;249mf[0m[38;5;249mo[0m[38;5;249mn[0m[38;5;249mt[0
m[38;5;249m-[0m[38;5;249mb[0m[38;5;249mo[0m[38;5;249ml[0m[38;5;249md[0m[38;5;249m [0m[38;5;249mt[0m[38;5
;249me[0m[38;5;249mx[0m[38;5;249mt[0m[38;5;249m-[0m[38;5;249m[[0m[38;5;249m#[0m[38;5;249m3[0m[38;5;249ma
[0m[38;5;249m2[0m[38;5;249ma[0m[38;5;249m1[0m[38;5;249ma[0m[38;5;249m][0m[38;5;249m [0m[38;5;249mt[0m[38
;5;249me[0m[38;5;249mx[0m[38;5;249mt[0m[38;5;249m-[0m[38;5;249ms[0m[38;5;249mm[0m[38;5;249m 
[0m[38;5;249mf[0m[38;5;249ml[0m[38;5;249me[0m[38;5;249mx[0m[38;5;249m [0m[38;5;249mi[0m[38;5;249mt[0m[3
8;5;249me[0m[38;5;249mm[0m[38;5;249ms[0m[38;5;249m-[0m[38;5;249mc[0m[38;5;249me[0m[38;5;249mn[0m[38;5;249
mt[0m[38;5;249me[0m[38;5;249mr[0m[38;5;249m 
[0m[38;5;249mg[0m[38;5;249ma[0m[38;5;249mp[0m[38;5;249m-[0m[38;5;249m2[0m[38;5;249m"[0m[38;5;249m>[0m
 [38;5;240m   Γöé[0m             ΓöÇΓö¼  
 [38;5;240m   Γöé[0m              Γò░ΓöÇΓöÇ Opened here
 [38;5;240m   Γöé[0m 
 [38;5;246m71 Γöé[0m [38;5;249m [0m[38;5;249m [0m[38;5;249m [0m[38;5;249m [0m[38;5;249m [0m[38;5;249m 
[0m[38;5;249m [0m[38;5;249m [0m[38;5;249m<[0m[38;5;249m/[0mdiv[38;5;249m>[0m
 [38;5;240m   Γöé[0m           ΓöÇΓö¼ΓöÇ  
 [38;5;240m   Γöé[0m            Γò░ΓöÇΓöÇΓöÇ Expected `</h3>`
[38;5;246mΓöÇΓöÇΓöÇΓöÇΓò»[0m

...[31m
    at aggregateBindingErrorsIntoJsError 
(file:///D:/MERN_chat_app/client/node_modules/rolldown/dist/shared/src-CYkh2Ybc.mjs:2659:18)
    at unwrapBindingResult 
(file:///D:/MERN_chat_app/client/node_modules/rolldown/dist/shared/src-CYkh2Ybc.mjs:2634:128)
    at #build (file:///D:/MERN_chat_app/client/node_modules/rolldown/dist/shared/src-CYkh2Ybc.mjs:4433:34)
    at async buildEnvironment (file:///D:/MERN_chat_app/client/node_modules/vite/dist/node/chunks/node.js:33468:64)
    at async Object.build (file:///D:/MERN_chat_app/client/node_modules/vite/dist/node/chunks/node.js:33871:19)
    at async Object.buildApp (file:///D:/MERN_chat_app/client/node_modules/vite/dist/node/chunks/node.js:33868:153)
    at async CAC.<anonymous> (file:///D:/MERN_chat_app/client/node_modules/vite/dist/node/cli.js:629:3)[39m
